// Jest Snapshot v1, https://goo.gl/fbAQLP

exports[`Make sure \`PostNews\` looks same as before. 1`] = `
<div>
  <div
    class="css-1cqbbyv"
  >
    <div
      class="css-1gtzog5-HeaderSpace"
    >
      <h1
        class="css-1xvnnad-Header"
      >
        Post News
      </h1>
    </div>
    <div
      class="css-hwxeuh"
    >
      <label
        class="css-f5kwef"
      >
        <svg
          class="css-cyolb1-TitleInput"
          fill="none"
          height="24"
          stroke="currentColor"
          stroke-linecap="round"
          stroke-linejoin="round"
          stroke-width="2"
          viewBox="0 0 24 24"
          width="24"
          xmlns="http://www.w3.org/2000/svg"
        >
          <path
            d="M4 19.5A2.5 2.5 0 016.5 17H20"
          />
          <path
            d="M6.5 2H20v20H6.5A2.5 2.5 0 014 19.5v-15A2.5 2.5 0 016.5 2z"
          />
        </svg>
        <input
          class="css-1yob23c-TitleInput"
          placeholder="Title"
          value=""
        />
      </label>
      <label
        class="css-f5kwef"
      >
        <svg
          class="css-29qq03-ImageInput"
          fill="none"
          height="24"
          stroke="currentColor"
          stroke-linecap="round"
          stroke-linejoin="round"
          stroke-width="2"
          viewBox="0 0 24 24"
          width="24"
          xmlns="http://www.w3.org/2000/svg"
        >
          <rect
            height="18"
            rx="2"
            ry="2"
            width="18"
            x="3"
            y="3"
          />
          <circle
            cx="8.5"
            cy="8.5"
            r="1.5"
          />
          <polyline
            points="21 15 16 10 5 21"
          />
        </svg>
        <div
          class="css-1cprmi-Infomation"
        >
          Please upload images...
        </div>
        <input
          class="css-1xn7iig-ImageInput"
          tabindex="-1"
          type="file"
        />
      </label>
      <label
        class="css-f5kwef"
      >
        <svg
          class="css-c1znx3-ContentTextArea"
          fill="none"
          height="24"
          stroke="currentColor"
          stroke-linecap="round"
          stroke-linejoin="round"
          stroke-width="2"
          viewBox="0 0 24 24"
          width="24"
          xmlns="http://www.w3.org/2000/svg"
        >
          <line
            x1="21"
            x2="3"
            y1="6"
            y2="6"
          />
          <line
            x1="15"
            x2="3"
            y1="12"
            y2="12"
          />
          <line
            x1="17"
            x2="3"
            y1="18"
            y2="18"
          />
        </svg>
        <textarea
          class="css-sxl6kr-ContentTextArea"
          placeholder="Content"
        />
      </label>
      <div
        class="css-1h1zuwb"
      >
        <button
          class="css-rkdaer"
        >
          <svg
            class="lucide lucide-send"
            fill="none"
            height="16"
            stroke="currentColor"
            stroke-linecap="round"
            stroke-linejoin="round"
            stroke-width="2"
            viewBox="0 0 24 24"
            width="16"
            xmlns="http://www.w3.org/2000/svg"
          >
            <line
              x1="22"
              x2="11"
              y1="2"
              y2="13"
            />
            <polygon
              points="22 2 15 22 11 13 2 9 22 2"
            />
          </svg>
          Submit
        </button>
      </div>
    </div>
  </div>
</div>
`;
