// Jest Snapshot v1, https://goo.gl/fbAQLP

exports[`Make sure \`Resgister\` looks same as before. 1`] = `
<div>
  <div
    class="css-1cd4a94-SignIn"
  >
    <div
      class="css-ovf630-SignIn"
    >
      <div
        class="css-4wu7wn-SignIn"
      >
        ACM Homepage
      </div>
      <label
        class="css-f5kwef"
      >
        <svg
          class="css-tzl219-EmailInput"
          fill="none"
          height="24"
          stroke="currentColor"
          stroke-linecap="round"
          stroke-linejoin="round"
          stroke-width="2"
          viewBox="0 0 24 24"
          width="24"
          xmlns="http://www.w3.org/2000/svg"
        >
          <path
            d="M4 4h16c1.1 0 2 .9 2 2v12c0 1.1-.9 2-2 2H4c-1.1 0-2-.9-2-2V6c0-1.1.9-2 2-2z"
          />
          <polyline
            points="22,6 12,13 2,6"
          />
        </svg>
        <input
          class="css-23obw9-EmailInput"
          placeholder="Email"
          value=""
        />
      </label>
      <label
        class="css-f5kwef"
      >
        <svg
          class="css-mahqe2-PasswordInput"
          fill="none"
          height="24"
          stroke="currentColor"
          stroke-linecap="round"
          stroke-linejoin="round"
          stroke-width="2"
          viewBox="0 0 24 24"
          width="24"
          xmlns="http://www.w3.org/2000/svg"
        >
          <rect
            height="11"
            rx="2"
            ry="2"
            width="18"
            x="3"
            y="11"
          />
          <path
            d="M7 11V7a5 5 0 0110 0v4"
          />
        </svg>
        <input
          class="css-ew39hz-PasswordInput"
          placeholder="Password"
          value=""
        />
        <svg
          class="css-1gd8vyt-PasswordInput"
          fill="none"
          height="24"
          stroke="currentColor"
          stroke-linecap="round"
          stroke-linejoin="round"
          stroke-width="2"
          viewBox="0 0 24 24"
          width="24"
          xmlns="http://www.w3.org/2000/svg"
        >
          <path
            d="M1 12s4-8 11-8 11 8 11 8-4 8-11 8-11-8-11-8z"
          />
          <circle
            cx="12"
            cy="12"
            r="3"
          />
        </svg>
      </label>
      <div
        class="css-zgxne6-SignIn"
      >
        <a
          class="css-1bu445s-SignIn"
        >
          Forget password?
        </a>
      </div>
      <button
        class="css-3t1apv-SignIn"
      >
        Sign in
      </button>
    </div>
    <div
      class="css-1q2lkfp-SignIn"
    >
      New user? Try to 
      <a
        href="/register"
      >
        register
      </a>
      .
    </div>
  </div>
</div>
`;
