// Jest Snapshot v1, https://goo.gl/fbAQLP

exports[`make sure PasswordInput looks same as before 1`] = `
<div>
  <label
    class="css-f5kwef"
  >
    <svg
      class="css-mahqe2-PasswordInput"
      fill="none"
      height="24"
      stroke="currentColor"
      stroke-linecap="round"
      stroke-linejoin="round"
      stroke-width="2"
      viewBox="0 0 24 24"
      width="24"
      xmlns="http://www.w3.org/2000/svg"
    >
      <rect
        height="11"
        rx="2"
        ry="2"
        width="18"
        x="3"
        y="11"
      />
      <path
        d="M7 11V7a5 5 0 0110 0v4"
      />
    </svg>
    <input
      class="css-ew39hz-PasswordInput"
      placeholder="Password"
      value=""
    />
    <svg
      class="css-1gd8vyt-PasswordInput"
      fill="none"
      height="24"
      stroke="currentColor"
      stroke-linecap="round"
      stroke-linejoin="round"
      stroke-width="2"
      viewBox="0 0 24 24"
      width="24"
      xmlns="http://www.w3.org/2000/svg"
    >
      <path
        d="M1 12s4-8 11-8 11 8 11 8-4 8-11 8-11-8-11-8z"
      />
      <circle
        cx="12"
        cy="12"
        r="3"
      />
    </svg>
  </label>
</div>
`;
