// Jest Snapshot v1, https://goo.gl/fbAQLP

exports[`make sure TitleInput looks same as before 1`] = `
<div>
  <label
    class="css-f5kwef"
  >
    <svg
      class="css-cyolb1-TitleInput"
      fill="none"
      height="24"
      stroke="currentColor"
      stroke-linecap="round"
      stroke-linejoin="round"
      stroke-width="2"
      viewBox="0 0 24 24"
      width="24"
      xmlns="http://www.w3.org/2000/svg"
    >
      <path
        d="M4 19.5A2.5 2.5 0 016.5 17H20"
      />
      <path
        d="M6.5 2H20v20H6.5A2.5 2.5 0 014 19.5v-15A2.5 2.5 0 016.5 2z"
      />
    </svg>
    <input
      class="css-1yob23c-TitleInput"
      placeholder="Title"
      value=""
    />
  </label>
</div>
`;
